// Jest Snapshot v1, https://goo.gl/fbAQLP

exports[`<NavLink /> matches its snapshot 1`] = `
<NavLink
  activeClassName="nav-link_active"
  aria-current="page"
  className="nav-link"
  exact={true}
  to="http://localhost"
>
  Link
</NavLink>
`;
