// Jest Snapshot v1, https://goo.gl/fbAQLP

exports[`<Header /> matches its snapshot 1`] = `
<div
  className="header"
>
  Content
</div>
`;
